Starting Stitch Generation for Shift Worker Sleep...
Creating project...
Project ID: 2689100580676332260
Generating Screen 1/6: 01_Onboarding...
  Success! Screen ID: a3393e8afd05484485454352a30335fa
  Fetching HTML...
  Saved to 01_Onboarding.json
Generating Screen 2/6: 02_Dashboard...
  Success! Screen ID: 31d0b2f3dba24918aa94730f7f64c17a
  Fetching HTML...
  Saved to 02_Dashboard.json
Generating Screen 3/6: 03_AddShift...
  Success! Screen ID: 78b0aa2cfc514e71a5ae4602a858d13d
  Fetching HTML...
  Saved to 03_AddShift.json
Generating Screen 4/6: 04_SleepPlanner...
  Success! Screen ID: a4b5a9de4bd946549dac375651204826
  Fetching HTML...
  Saved to 04_SleepPlanner.json
Generating Screen 5/6: 05_DarkRoom...
  Success! Screen ID: bdb6d752d26e47b284a2d8f67956717e
  Fetching HTML...
  Saved to 05_DarkRoom.json
Generating Screen 6/6: 06_HistorySettings...
  Success! Screen ID: be87533d1ffe4c6087d9de8d06f9c447
  Fetching HTML...
  Saved to 06_HistorySettings.json
All generation tasks completed!
